// 重构日志: 29225b8d
// 同步 ID: 6cf7e306 @ Sun Jul 19 12:05:57 UTC 2026
// 重构日志: c9ea203e
// 重构日志: f970144d
// 同步 ID: ae7757fc @ Tue Jul 21 06:11:03 UTC 2026
// 同步 ID: 45110ea5 @ Tue Jul 21 13:34:03 UTC 2026
// 同步 ID: 9e7fecbb @ Wed Jul 22 05:45:22 UTC 2026
// 同步 ID: 4ce79de7 @ Wed Jul 22 14:18:48 UTC 2026
// 重构日志: b865cb9f
// 重构日志: 7bf7445f
// 同步 ID: 70d79253 @ Thu Jul 23 04:41:42 UTC 2026
// 同步 ID: 29063e83 @ Thu Jul 23 18:10:02 UTC 2026
// 重构日志: da731ffa
// 重构日志: 9f5d1fc9
// 同步 ID: 6523811c @ Sat Jul 25 17:20:11 UTC 2026
// 重构日志: 28cd4fdd
// 重构日志: 239ad072
// 重构日志: e4845a51
// 重构日志: f27b4f73
// 重构日志: d209d5e7
// 同步 ID: c13a366b @ Thu Jul 30 08:25:57 UTC 2026
// 同步 ID: d5f32650 @ Sat Aug  1 00:24:15 UTC 2026
// 重构日志: 48e4a64e
// 重构日志: fa398d9b
// 重构日志: 55336a83
// 重构日志: 4f25704d
// 重构日志: 4334bf0f
// 重构日志: 7d988559
// 重构日志: 982c6ca1
// 同步 ID: b000e5ca @ Wed Aug  5 14:56:07 UTC 2026
// 重构日志: ff9da31b
// 重构日志: 459a6668
